0 verbose cli /data/data/com.termux/files/usr/bin/node /data/data/com.termux/files/usr/lib/node_modules/npm/bin/npm-cli.js
1 info using npm@11.20.0
2 info using node@v26.4.0
3 silly config load:file:/data/data/com.termux/files/usr/lib/node_modules/npm/npmrc
4 silly config load:file:/data/data/com.termux/files/home/.npmrc
5 silly config load:file:/data/data/com.termux/files/usr/etc/npmrc
6 verbose title npm exec vercel
7 verbose argv "exec" "--" "vercel"
8 verbose logfile logs-max:10 dir:/data/data/com.termux/files/home/.npm/_logs/2026-09-28T11_12_14_658Z-
9 verbose logfile /data/data/com.termux/files/home/.npm/_logs/2026-09-28T11_12_14_658Z-debug-0.log
10 silly logfile done cleaning log files
11 silly packumentCache heap:2248146944 maxSize:562036736 maxEntrySize:281018368
12 http fetch GET 200 https://registry.npmjs.org/vercel 238ms (cache revalidated)
13 silly packumentCache heap:2248146944 maxSize:562036736 maxEntrySize:281018368
14 silly packumentCache heap:2248146944 maxSize:562036736 maxEntrySize:281018368
15 verbose cwd /data/data/com.termux/files/home
16 verbose os Linux 6.6.98-android15-8-pe17667d-abogkiS936BXXU9CZDP-4k
17 verbose node v26.4.0
18 verbose npm  v11.20.0
19 verbose exit 1
20 verbose code 1
