0 verbose cli /data/data/com.termux/files/usr/bin/node /data/data/com.termux/files/usr/bin/npm
1 info using npm@11.20.0
2 info using node@v26.4.0
3 silly config load:file:/data/data/com.termux/files/usr/lib/node_modules/npm/npmrc
4 silly config load:file:/data/data/com.termux/files/home/.npmrc
5 silly config load:file:/data/data/com.termux/files/usr/etc/npmrc
6 verbose title npm install express webuntis express-session
7 verbose argv "install" "express" "webuntis" "express-session"
8 verbose logfile logs-max:10 dir:/data/data/com.termux/files/home/.npm/_logs/2026-09-25T08_51_34_456Z-
9 verbose logfile /data/data/com.termux/files/home/.npm/_logs/2026-09-25T08_51_34_456Z-debug-0.log
10 silly logfile done cleaning log files
11 silly packumentCache heap:2248146944 maxSize:562036736 maxEntrySize:281018368
12 silly idealTree buildDeps
13 silly fetch manifest express@*
14 silly packumentCache full:https://registry.npmjs.org/express cache-miss
15 http fetch GET 200 https://registry.npmjs.org/express 234ms (cache miss)
16 silly packumentCache full:https://registry.npmjs.org/express set size:undefined disposed:false
17 silly fetch manifest webuntis@*
18 silly packumentCache full:https://registry.npmjs.org/webuntis cache-miss
19 http fetch GET 200 https://registry.npmjs.org/webuntis 297ms (cache miss)
20 silly packumentCache full:https://registry.npmjs.org/webuntis set size:undefined disposed:false
21 silly fetch manifest express-session@*
22 silly packumentCache full:https://registry.npmjs.org/express-session cache-miss
23 http fetch GET 200 https://registry.npmjs.org/express-session 233ms (cache miss)
24 silly packumentCache full:https://registry.npmjs.org/express-session set size:undefined disposed:false
25 silly placeDep ROOT express@5.2.1 OK for: home@1.0.0 want: *
26 silly placeDep ROOT express-session@1.19.0 OK for: home@1.0.0 want: *
27 silly placeDep ROOT webuntis@2.2.1 OK for: home@1.0.0 want: *
28 silly fetch manifest qs@^6.14.0
29 silly packumentCache full:https://registry.npmjs.org/qs cache-miss
30 silly fetch manifest depd@^2.0.0
31 silly packumentCache full:https://registry.npmjs.org/depd cache-miss
32 silly fetch manifest etag@^1.8.1
33 silly packumentCache full:https://registry.npmjs.org/etag cache-miss
34 silly fetch manifest once@^1.4.0
35 silly packumentCache full:https://registry.npmjs.org/once cache-miss
36 silly fetch manifest send@^1.1.0
37 silly packumentCache full:https://registry.npmjs.org/send cache-miss
38 silly fetch manifest vary@^1.1.2
39 silly packumentCache full:https://registry.npmjs.org/vary cache-miss
40 silly fetch manifest debug@^4.4.0
41 silly packumentCache full:https://registry.npmjs.org/debug cache-miss
42 http fetch GET 200 https://registry.npmjs.org/qs 81ms (cache miss)
43 silly packumentCache full:https://registry.npmjs.org/qs set size:undefined disposed:false
44 silly fetch manifest fresh@^2.0.0
45 silly packumentCache full:https://registry.npmjs.org/fresh cache-miss
46 http fetch GET 200 https://registry.npmjs.org/fresh 76ms (cache miss)
47 silly packumentCache full:https://registry.npmjs.org/fresh set size:undefined disposed:false
48 silly fetch manifest cookie@^0.7.1
49 silly packumentCache full:https://registry.npmjs.org/cookie cache-miss
50 http fetch GET 200 https://registry.npmjs.org/once 173ms (cache miss)
51 silly packumentCache full:https://registry.npmjs.org/once set size:undefined disposed:false
52 silly fetch manifest router@^2.2.0
53 silly packumentCache full:https://registry.npmjs.org/router cache-miss
54 http fetch GET 200 https://registry.npmjs.org/etag 182ms (cache miss)
55 silly packumentCache full:https://registry.npmjs.org/etag set size:undefined disposed:false
56 silly fetch manifest accepts@^2.0.0
57 silly packumentCache full:https://registry.npmjs.org/accepts cache-miss
58 http fetch GET 200 https://registry.npmjs.org/depd 186ms (cache miss)
59 silly packumentCache full:https://registry.npmjs.org/depd set size:undefined disposed:false
60 silly fetch manifest type-is@^2.0.1
61 silly packumentCache full:https://registry.npmjs.org/type-is cache-miss
62 http fetch GET 200 https://registry.npmjs.org/send 193ms (cache miss)
63 silly packumentCache full:https://registry.npmjs.org/send set size:undefined disposed:false
64 silly fetch manifest parseurl@^1.3.3
65 silly packumentCache full:https://registry.npmjs.org/parseurl cache-miss
66 http fetch GET 200 https://registry.npmjs.org/debug 199ms (cache miss)
67 silly packumentCache full:https://registry.npmjs.org/debug set size:undefined disposed:false
68 silly fetch manifest statuses@^2.0.1
69 silly packumentCache full:https://registry.npmjs.org/statuses cache-miss
70 http fetch GET 200 https://registry.npmjs.org/cookie 67ms (cache miss)
71 silly packumentCache full:https://registry.npmjs.org/cookie set size:undefined disposed:false
72 silly fetch manifest encodeurl@^2.0.0
73 silly packumentCache full:https://registry.npmjs.org/encodeurl cache-miss
74 http fetch GET 200 https://registry.npmjs.org/accepts 61ms (cache miss)
75 silly packumentCache full:https://registry.npmjs.org/accepts set size:undefined disposed:false
76 silly fetch manifest mime-types@^3.0.0
77 silly packumentCache full:https://registry.npmjs.org/mime-types cache-miss
78 http fetch GET 200 https://registry.npmjs.org/parseurl 54ms (cache miss)
79 silly packumentCache full:https://registry.npmjs.org/parseurl set size:undefined disposed:false
80 silly fetch manifest proxy-addr@^2.0.7
81 silly packumentCache full:https://registry.npmjs.org/proxy-addr cache-miss
82 http fetch GET 200 https://registry.npmjs.org/type-is 69ms (cache miss)
83 silly packumentCache full:https://registry.npmjs.org/type-is set size:undefined disposed:false
84 silly fetch manifest body-parser@^2.2.1
85 silly packumentCache full:https://registry.npmjs.org/body-parser cache-miss
86 http fetch GET 200 https://registry.npmjs.org/statuses 54ms (cache miss)
87 silly packumentCache full:https://registry.npmjs.org/statuses set size:undefined disposed:false
88 silly fetch manifest escape-html@^1.0.3
89 silly packumentCache full:https://registry.npmjs.org/escape-html cache-miss
90 http fetch GET 200 https://registry.npmjs.org/encodeurl 56ms (cache miss)
91 silly packumentCache full:https://registry.npmjs.org/encodeurl set size:undefined disposed:false
92 silly fetch manifest http-errors@^2.0.0
93 silly packumentCache full:https://registry.npmjs.org/http-errors cache-miss
94 http fetch GET 200 https://registry.npmjs.org/escape-html 51ms (cache miss)
95 silly packumentCache full:https://registry.npmjs.org/escape-html set size:undefined disposed:false
96 silly fetch manifest on-finished@^2.4.1
97 silly packumentCache full:https://registry.npmjs.org/on-finished cache-miss
98 http fetch GET 200 https://registry.npmjs.org/proxy-addr 68ms (cache miss)
99 silly packumentCache full:https://registry.npmjs.org/proxy-addr set size:undefined disposed:false
100 silly fetch manifest content-type@^1.0.5
101 silly packumentCache full:https://registry.npmjs.org/content-type cache-miss
102 http fetch GET 200 https://registry.npmjs.org/mime-types 78ms (cache miss)
103 silly packumentCache full:https://registry.npmjs.org/mime-types set size:undefined disposed:false
104 silly fetch manifest finalhandler@^2.1.0
105 silly packumentCache full:https://registry.npmjs.org/finalhandler cache-miss
106 http fetch GET 200 https://registry.npmjs.org/body-parser 72ms (cache miss)
107 silly packumentCache full:https://registry.npmjs.org/body-parser set size:undefined disposed:false
108 silly fetch manifest range-parser@^1.2.1
109 silly packumentCache full:https://registry.npmjs.org/range-parser cache-miss
110 http fetch GET 200 https://registry.npmjs.org/vary 337ms (cache miss)
111 silly packumentCache full:https://registry.npmjs.org/vary set size:undefined disposed:false
112 silly fetch manifest serve-static@^2.2.0
113 silly packumentCache full:https://registry.npmjs.org/serve-static cache-miss
114 http fetch GET 200 https://registry.npmjs.org/http-errors 50ms (cache miss)
115 silly packumentCache full:https://registry.npmjs.org/http-errors set size:undefined disposed:false
116 silly fetch manifest cookie-signature@^1.2.1
117 silly packumentCache full:https://registry.npmjs.org/cookie-signature cache-miss
118 http fetch GET 200 https://registry.npmjs.org/content-type 46ms (cache miss)
119 silly packumentCache full:https://registry.npmjs.org/content-type set size:undefined disposed:false
120 silly fetch manifest merge-descriptors@^2.0.0
121 silly packumentCache full:https://registry.npmjs.org/merge-descriptors cache-miss
122 http fetch GET 200 https://registry.npmjs.org/on-finished 57ms (cache miss)
123 silly packumentCache full:https://registry.npmjs.org/on-finished set size:undefined disposed:false
124 silly fetch manifest content-disposition@^1.0.0
125 silly packumentCache full:https://registry.npmjs.org/content-disposition cache-miss
126 http fetch GET 200 https://registry.npmjs.org/range-parser 49ms (cache miss)
127 silly packumentCache full:https://registry.npmjs.org/range-parser set size:undefined disposed:false
128 silly fetch manifest cookie@~0.7.2
129 silly packumentCache full:https://registry.npmjs.org/cookie cache-miss
130 http fetch GET 200 https://registry.npmjs.org/finalhandler 72ms (cache miss)
131 silly packumentCache full:https://registry.npmjs.org/finalhandler set size:undefined disposed:false
132 silly fetch manifest cookie-signature@~1.0.7
133 silly packumentCache full:https://registry.npmjs.org/cookie-signature cache-miss
134 http cache https://registry.npmjs.org/cookie 17ms (cache hit)
135 silly packumentCache full:https://registry.npmjs.org/cookie set size:78274 disposed:false
136 silly fetch manifest debug@~2.6.9
137 silly packumentCache full:https://registry.npmjs.org/debug cache-miss
138 http fetch GET 200 https://registry.npmjs.org/cookie-signature 61ms (cache miss)
139 silly packumentCache full:https://registry.npmjs.org/cookie-signature set size:undefined disposed:false
140 silly fetch manifest depd@~2.0.0
141 silly packumentCache full:https://registry.npmjs.org/depd cache-miss
142 http fetch GET 200 https://registry.npmjs.org/router 242ms (cache miss)
143 silly packumentCache full:https://registry.npmjs.org/router set size:undefined disposed:false
144 silly fetch manifest on-headers@~1.1.0
145 silly packumentCache full:https://registry.npmjs.org/on-headers cache-miss
146 http cache https://registry.npmjs.org/debug 16ms (cache hit)
147 silly packumentCache full:https://registry.npmjs.org/debug set size:195840 disposed:false
148 silly fetch manifest parseurl@~1.3.3
149 silly packumentCache full:https://registry.npmjs.org/parseurl cache-miss
150 http fetch GET 200 https://registry.npmjs.org/serve-static 91ms (cache miss)
151 silly packumentCache full:https://registry.npmjs.org/serve-static set size:undefined disposed:false
152 silly fetch manifest safe-buffer@~5.2.1
153 silly packumentCache full:https://registry.npmjs.org/safe-buffer cache-miss
154 http fetch GET 200 https://registry.npmjs.org/content-disposition 59ms (cache miss)
155 silly packumentCache full:https://registry.npmjs.org/content-disposition set size:undefined disposed:false
156 silly fetch manifest uid-safe@~2.1.5
157 silly packumentCache full:https://registry.npmjs.org/uid-safe cache-miss
158 http cache https://registry.npmjs.org/depd 22ms (cache hit)
159 silly packumentCache full:https://registry.npmjs.org/depd set size:40182 disposed:false
160 silly fetch manifest axios@^1.6.7
161 silly packumentCache full:https://registry.npmjs.org/axios cache-miss
162 http fetch GET 200 https://registry.npmjs.org/merge-descriptors 66ms (cache miss)
163 silly packumentCache full:https://registry.npmjs.org/merge-descriptors set size:undefined disposed:false
164 silly fetch manifest date-fns@^3.3.1
165 silly packumentCache full:https://registry.npmjs.org/date-fns cache-miss
166 http cache https://registry.npmjs.org/parseurl 13ms (cache hit)
167 silly packumentCache full:https://registry.npmjs.org/parseurl set size:24148 disposed:false
168 silly fetch manifest otplib@^12
169 silly packumentCache full:https://registry.npmjs.org/otplib cache-miss
170 http fetch GET 200 https://registry.npmjs.org/cookie-signature 45ms (cache miss)
171 silly packumentCache full:https://registry.npmjs.org/cookie-signature set size:undefined disposed:false
172 http fetch GET 200 https://registry.npmjs.org/on-headers 41ms (cache miss)
173 silly packumentCache full:https://registry.npmjs.org/on-headers set size:undefined disposed:false
174 http fetch GET 200 https://registry.npmjs.org/safe-buffer 61ms (cache miss)
175 silly packumentCache full:https://registry.npmjs.org/safe-buffer set size:undefined disposed:false
176 http fetch GET 200 https://registry.npmjs.org/otplib 57ms (cache miss)
177 silly packumentCache full:https://registry.npmjs.org/otplib set size:undefined disposed:false
178 http fetch GET 200 https://registry.npmjs.org/axios 81ms (cache miss)
179 silly packumentCache full:https://registry.npmjs.org/axios set size:undefined disposed:false
180 http fetch GET 200 https://registry.npmjs.org/uid-safe 246ms (cache miss)
181 silly packumentCache full:https://registry.npmjs.org/uid-safe set size:undefined disposed:false
182 http fetch GET 200 https://registry.npmjs.org/date-fns 359ms (cache miss)
183 silly packumentCache full:https://registry.npmjs.org/date-fns set size:undefined disposed:false
184 silly placeDep ROOT accepts@2.0.0 OK for: express@5.2.1 want: ^2.0.0
185 silly placeDep ROOT body-parser@2.3.0 OK for: express@5.2.1 want: ^2.2.1
186 silly placeDep ROOT content-disposition@1.1.0 OK for: express@5.2.1 want: ^1.0.0
187 silly placeDep ROOT content-type@1.0.5 OK for: express@5.2.1 want: ^1.0.5
188 silly placeDep ROOT cookie@0.7.2 OK for: express@5.2.1 want: ^0.7.1
189 silly placeDep ROOT cookie-signature@1.2.2 OK for: express@5.2.1 want: ^1.2.1
190 silly placeDep ROOT debug@4.4.3 OK for: express@5.2.1 want: ^4.4.0
191 silly placeDep ROOT depd@2.0.0 OK for: express@5.2.1 want: ^2.0.0
192 silly placeDep ROOT encodeurl@2.0.0 OK for: express@5.2.1 want: ^2.0.0
193 silly placeDep ROOT escape-html@1.0.3 OK for: express@5.2.1 want: ^1.0.3
194 silly placeDep ROOT etag@1.8.1 OK for: express@5.2.1 want: ^1.8.1
195 silly placeDep ROOT finalhandler@2.1.1 OK for: express@5.2.1 want: ^2.1.0
196 silly placeDep ROOT fresh@2.0.0 OK for: express@5.2.1 want: ^2.0.0
197 silly placeDep ROOT http-errors@2.0.1 OK for: express@5.2.1 want: ^2.0.0
198 silly placeDep ROOT merge-descriptors@2.0.0 OK for: express@5.2.1 want: ^2.0.0
199 silly placeDep ROOT mime-types@3.0.2 OK for: express@5.2.1 want: ^3.0.0
200 silly placeDep ROOT on-finished@2.4.1 OK for: express@5.2.1 want: ^2.4.1
201 silly placeDep ROOT once@1.4.0 OK for: express@5.2.1 want: ^1.4.0
202 silly placeDep ROOT parseurl@1.3.3 OK for: express@5.2.1 want: ^1.3.3
203 silly placeDep ROOT proxy-addr@2.0.8 OK for: express@5.2.1 want: ^2.0.7
204 silly placeDep ROOT qs@6.16.0 OK for: express@5.2.1 want: ^6.14.0
205 silly placeDep ROOT range-parser@1.3.0 OK for: express@5.2.1 want: ^1.2.1
206 silly placeDep ROOT router@2.2.0 OK for: express@5.2.1 want: ^2.2.0
207 silly placeDep ROOT send@1.2.1 OK for: express@5.2.1 want: ^1.1.0
208 silly placeDep ROOT serve-static@2.2.1 OK for: express@5.2.1 want: ^2.2.0
209 silly placeDep ROOT statuses@2.0.2 OK for: express@5.2.1 want: ^2.0.1
210 silly placeDep ROOT type-is@2.1.0 OK for: express@5.2.1 want: ^2.0.1
211 silly placeDep ROOT vary@1.1.2 OK for: express@5.2.1 want: ^1.1.2
212 silly fetch manifest negotiator@^1.0.0
213 silly packumentCache full:https://registry.npmjs.org/negotiator cache-miss
214 silly fetch manifest qs@^6.15.2
215 silly packumentCache full:https://registry.npmjs.org/qs cache-miss
216 silly fetch manifest bytes@^3.1.2
217 silly packumentCache full:https://registry.npmjs.org/bytes cache-miss
218 silly fetch manifest debug@^4.4.3
219 silly packumentCache full:https://registry.npmjs.org/debug cache-hit
220 silly fetch manifest type-is@^2.1.0
221 silly packumentCache full:https://registry.npmjs.org/type-is cache-miss
222 silly fetch manifest raw-body@^3.0.2
223 silly packumentCache full:https://registry.npmjs.org/raw-body cache-miss
224 silly fetch manifest iconv-lite@^0.7.2
225 silly packumentCache full:https://registry.npmjs.org/iconv-lite cache-miss
226 silly fetch manifest http-errors@^2.0.1
227 silly packumentCache full:https://registry.npmjs.org/http-errors cache-miss
228 http cache https://registry.npmjs.org/type-is 11ms (cache hit)
229 silly packumentCache full:https://registry.npmjs.org/type-is set size:90391 disposed:false
230 silly fetch manifest content-type@^2.0.0
231 silly packumentCache full:https://registry.npmjs.org/content-type cache-miss
232 http cache https://registry.npmjs.org/http-errors 12ms (cache hit)
233 silly packumentCache full:https://registry.npmjs.org/http-errors set size:71987 disposed:false
234 silly fetch manifest ms@^2.1.3
235 silly packumentCache full:https://registry.npmjs.org/ms cache-miss
236 http cache https://registry.npmjs.org/qs 15ms (cache hit)
237 silly packumentCache full:https://registry.npmjs.org/qs set size:365613 disposed:false
238 silly fetch manifest inherits@~2.0.4
239 silly packumentCache full:https://registry.npmjs.org/inherits cache-miss
240 http cache https://registry.npmjs.org/content-type 10ms (cache hit)
241 silly packumentCache full:https://registry.npmjs.org/content-type set size:29578 disposed:false
242 silly fetch manifest setprototypeof@~1.2.0
243 silly packumentCache full:https://registry.npmjs.org/setprototypeof cache-miss
244 http fetch GET 200 https://registry.npmjs.org/bytes 75ms (cache miss)
245 silly packumentCache full:https://registry.npmjs.org/bytes set size:undefined disposed:false
246 silly fetch manifest statuses@~2.0.2
247 silly packumentCache full:https://registry.npmjs.org/statuses cache-miss
248 http fetch GET 200 https://registry.npmjs.org/inherits 57ms (cache miss)
249 silly packumentCache full:https://registry.npmjs.org/inherits set size:undefined disposed:false
250 silly fetch manifest toidentifier@~1.0.1
251 silly packumentCache full:https://registry.npmjs.org/toidentifier cache-miss
252 http fetch GET 200 https://registry.npmjs.org/negotiator 78ms (cache miss)
253 silly packumentCache full:https://registry.npmjs.org/negotiator set size:undefined disposed:false
254 silly fetch manifest mime-db@^1.54.0
255 silly packumentCache full:https://registry.npmjs.org/mime-db cache-miss
256 http fetch GET 200 https://registry.npmjs.org/ms 65ms (cache miss)
257 silly packumentCache full:https://registry.npmjs.org/ms set size:undefined disposed:false
258 silly fetch manifest ee-first@1.1.1
259 silly packumentCache full:https://registry.npmjs.org/ee-first cache-miss
260 http fetch GET 200 https://registry.npmjs.org/setprototypeof 58ms (cache miss)
261 silly packumentCache full:https://registry.npmjs.org/setprototypeof set size:undefined disposed:false
262 silly fetch manifest wrappy@1
263 silly packumentCache full:https://registry.npmjs.org/wrappy cache-miss
264 http fetch GET 200 https://registry.npmjs.org/iconv-lite 84ms (cache miss)
265 silly packumentCache full:https://registry.npmjs.org/iconv-lite set size:undefined disposed:false
266 silly fetch manifest forwarded@0.2.0
267 silly packumentCache full:https://registry.npmjs.org/forwarded cache-miss
268 http fetch GET 200 https://registry.npmjs.org/raw-body 88ms (cache miss)
269 silly packumentCache full:https://registry.npmjs.org/raw-body set size:undefined disposed:false
270 silly fetch manifest ipaddr.js@1.9.1
271 silly packumentCache full:https://registry.npmjs.org/ipaddr.js cache-miss
272 http cache https://registry.npmjs.org/statuses 19ms (cache hit)
273 silly packumentCache full:https://registry.npmjs.org/statuses set size:37117 disposed:false
274 silly fetch manifest side-channel@^1.1.1
275 silly packumentCache full:https://registry.npmjs.org/side-channel cache-miss
276 http fetch GET 200 https://registry.npmjs.org/ee-first 54ms (cache miss)
277 silly packumentCache full:https://registry.npmjs.org/ee-first set size:undefined disposed:false
278 silly fetch manifest es-define-property@^1.0.1
279 silly packumentCache full:https://registry.npmjs.org/es-define-property cache-miss
280 http fetch GET 200 https://registry.npmjs.org/wrappy 56ms (cache miss)
281 silly packumentCache full:https://registry.npmjs.org/wrappy set size:undefined disposed:false
282 silly fetch manifest is-promise@^4.0.0
283 silly packumentCache full:https://registry.npmjs.org/is-promise cache-miss
284 http fetch GET 200 https://registry.npmjs.org/mime-db 67ms (cache miss)
285 silly packumentCache full:https://registry.npmjs.org/mime-db set size:undefined disposed:false
286 silly fetch manifest path-to-regexp@^8.0.0
287 silly packumentCache full:https://registry.npmjs.org/path-to-regexp cache-miss
288 http fetch GET 200 https://registry.npmjs.org/side-channel 56ms (cache miss)
289 silly packumentCache full:https://registry.npmjs.org/side-channel set size:undefined disposed:false
290 silly fetch manifest statuses@^2.0.2
291 silly packumentCache full:https://registry.npmjs.org/statuses cache-hit
292 silly fetch manifest media-typer@^1.1.0
293 silly packumentCache full:https://registry.npmjs.org/media-typer cache-miss
294 http fetch GET 200 https://registry.npmjs.org/ipaddr.js 62ms (cache miss)
295 silly packumentCache full:https://registry.npmjs.org/ipaddr.js set size:undefined disposed:false
296 http fetch GET 200 https://registry.npmjs.org/forwarded 69ms (cache miss)
297 silly packumentCache full:https://registry.npmjs.org/forwarded set size:undefined disposed:false
298 http fetch GET 200 https://registry.npmjs.org/is-promise 49ms (cache miss)
299 silly packumentCache full:https://registry.npmjs.org/is-promise set size:undefined disposed:false
300 http fetch GET 200 https://registry.npmjs.org/es-define-property 52ms (cache miss)
301 silly packumentCache full:https://registry.npmjs.org/es-define-property set size:undefined disposed:false
302 http fetch GET 200 https://registry.npmjs.org/media-typer 61ms (cache miss)
303 silly packumentCache full:https://registry.npmjs.org/media-typer set size:undefined disposed:false
304 http fetch GET 200 https://registry.npmjs.org/path-to-regexp 67ms (cache miss)
305 silly packumentCache full:https://registry.npmjs.org/path-to-regexp set size:undefined disposed:false
306 http fetch GET 200 https://registry.npmjs.org/toidentifier 222ms (cache miss)
307 silly packumentCache full:https://registry.npmjs.org/toidentifier set size:undefined disposed:false
308 silly placeDep ROOT negotiator@1.1.0 OK for: accepts@2.0.0 want: ^1.0.0
309 silly fetch manifest content-type@^2.1.0
310 silly packumentCache full:https://registry.npmjs.org/content-type cache-hit
311 silly placeDep ROOT bytes@3.1.2 OK for: body-parser@2.3.0 want: ^3.1.2
312 silly placeDep node_modules/body-parser content-type@2.1.0 OK for: body-parser@2.3.0 want: ^2.0.0
313 silly placeDep ROOT iconv-lite@0.7.3 OK for: body-parser@2.3.0 want: ^0.7.2
314 silly placeDep ROOT raw-body@3.0.2 OK for: body-parser@2.3.0 want: ^3.0.2
315 silly fetch manifest safer-buffer@>= 2.1.2 < 3.0.0
316 silly packumentCache full:https://registry.npmjs.org/safer-buffer cache-miss
317 silly fetch manifest unpipe@~1.0.0
318 silly packumentCache full:https://registry.npmjs.org/unpipe cache-miss
319 http fetch GET 200 https://registry.npmjs.org/safer-buffer 64ms (cache miss)
320 silly packumentCache full:https://registry.npmjs.org/safer-buffer set size:undefined disposed:false
321 http fetch GET 200 https://registry.npmjs.org/unpipe 66ms (cache miss)
322 silly packumentCache full:https://registry.npmjs.org/unpipe set size:undefined disposed:false
323 silly placeDep ROOT ms@2.1.3 OK for: debug@4.4.3 want: ^2.1.3
324 silly placeDep node_modules/express-session cookie-signature@1.0.7 OK for: express-session@1.19.0 want: ~1.0.7
325 silly placeDep node_modules/express-session debug@2.6.9 OK for: express-session@1.19.0 want: ~2.6.9
326 silly placeDep ROOT on-headers@1.1.0 OK for: express-session@1.19.0 want: ~1.1.0
327 silly placeDep ROOT safe-buffer@5.2.1 OK for: express-session@1.19.0 want: ~5.2.1
328 silly placeDep ROOT uid-safe@2.1.5 OK for: express-session@1.19.0 want: ~2.1.5
329 silly fetch manifest ms@2.0.0
330 silly packumentCache full:https://registry.npmjs.org/ms cache-miss
331 silly fetch manifest random-bytes@~1.0.0
332 silly packumentCache full:https://registry.npmjs.org/random-bytes cache-miss
333 http cache https://registry.npmjs.org/ms 6ms (cache hit)
334 silly packumentCache full:https://registry.npmjs.org/ms set size:92208 disposed:false
335 http fetch GET 200 https://registry.npmjs.org/random-bytes 217ms (cache miss)
336 silly packumentCache full:https://registry.npmjs.org/random-bytes set size:undefined disposed:false
337 silly placeDep ROOT inherits@2.0.4 OK for: http-errors@2.0.1 want: ~2.0.4
338 silly placeDep ROOT setprototypeof@1.2.0 OK for: http-errors@2.0.1 want: ~1.2.0
339 silly placeDep ROOT toidentifier@1.0.1 OK for: http-errors@2.0.1 want: ~1.0.1
340 silly placeDep ROOT safer-buffer@2.1.2 OK for: iconv-lite@0.7.3 want: >= 2.1.2 < 3.0.0
341 silly placeDep ROOT mime-db@1.54.0 OK for: mime-types@3.0.2 want: ^1.54.0
342 silly placeDep node_modules/negotiator content-type@2.1.0 OK for: negotiator@1.1.0 want: ^2.1.0
343 silly placeDep ROOT ee-first@1.1.1 OK for: on-finished@2.4.1 want: 1.1.1
344 silly placeDep ROOT wrappy@1.0.2 OK for: once@1.4.0 want: 1
345 silly placeDep ROOT forwarded@0.2.0 OK for: proxy-addr@2.0.8 want: 0.2.0
346 silly placeDep ROOT ipaddr.js@1.9.1 OK for: proxy-addr@2.0.8 want: 1.9.1
347 silly placeDep ROOT es-define-property@1.0.1 OK for: qs@6.16.0 want: ^1.0.1
348 silly placeDep ROOT side-channel@1.1.1 OK for: qs@6.16.0 want: ^1.1.1
349 silly fetch manifest es-errors@^1.3.0
350 silly packumentCache full:https://registry.npmjs.org/es-errors cache-miss
351 silly fetch manifest object-inspect@^1.13.4
352 silly packumentCache full:https://registry.npmjs.org/object-inspect cache-miss
353 silly fetch manifest side-channel-list@^1.0.1
354 silly packumentCache full:https://registry.npmjs.org/side-channel-list cache-miss
355 silly fetch manifest side-channel-map@^1.0.1
356 silly packumentCache full:https://registry.npmjs.org/side-channel-map cache-miss
357 silly fetch manifest side-channel-weakmap@^1.0.2
358 silly packumentCache full:https://registry.npmjs.org/side-channel-weakmap cache-miss
359 http fetch GET 200 https://registry.npmjs.org/side-channel-list 52ms (cache miss)
360 silly packumentCache full:https://registry.npmjs.org/side-channel-list set size:undefined disposed:false
361 http fetch GET 200 https://registry.npmjs.org/side-channel-map 52ms (cache miss)
362 silly packumentCache full:https://registry.npmjs.org/side-channel-map set size:undefined disposed:false
363 http fetch GET 200 https://registry.npmjs.org/es-errors 54ms (cache miss)
364 silly packumentCache full:https://registry.npmjs.org/es-errors set size:undefined disposed:false
365 http fetch GET 200 https://registry.npmjs.org/side-channel-weakmap 54ms (cache miss)
366 silly packumentCache full:https://registry.npmjs.org/side-channel-weakmap set size:undefined disposed:false
367 http fetch GET 200 https://registry.npmjs.org/object-inspect 56ms (cache miss)
368 silly packumentCache full:https://registry.npmjs.org/object-inspect set size:undefined disposed:false
369 silly placeDep ROOT unpipe@1.0.0 OK for: raw-body@3.0.2 want: ~1.0.0
370 silly placeDep ROOT is-promise@4.0.0 OK for: router@2.2.0 want: ^4.0.0
371 silly placeDep ROOT path-to-regexp@8.4.2 OK for: router@2.2.0 want: ^8.0.0
372 silly placeDep ROOT es-errors@1.3.0 OK for: side-channel@1.1.1 want: ^1.3.0
373 silly placeDep ROOT object-inspect@1.13.4 OK for: side-channel@1.1.1 want: ^1.13.4
374 silly placeDep ROOT side-channel-list@1.0.1 OK for: side-channel@1.1.1 want: ^1.0.1
375 silly placeDep ROOT side-channel-map@1.0.1 OK for: side-channel@1.1.1 want: ^1.0.1
376 silly placeDep ROOT side-channel-weakmap@1.0.2 OK for: side-channel@1.1.1 want: ^1.0.2
377 silly fetch manifest call-bound@^1.0.2
378 silly packumentCache full:https://registry.npmjs.org/call-bound cache-miss
379 silly fetch manifest get-intrinsic@^1.2.5
380 silly packumentCache full:https://registry.npmjs.org/get-intrinsic cache-miss
381 silly fetch manifest call-bound@^1.0.2
382 silly packumentCache full:https://registry.npmjs.org/call-bound cache-miss
383 silly fetch manifest get-intrinsic@^1.2.5
384 silly packumentCache full:https://registry.npmjs.org/get-intrinsic cache-miss
385 http fetch GET 200 https://registry.npmjs.org/call-bound 47ms (cache miss)
386 silly packumentCache full:https://registry.npmjs.org/call-bound set size:undefined disposed:false
387 http fetch GET 200 https://registry.npmjs.org/call-bound 58ms (cache miss)
388 silly packumentCache full:https://registry.npmjs.org/call-bound set size:undefined disposed:false
389 http fetch GET 200 https://registry.npmjs.org/get-intrinsic 62ms (cache miss)
390 silly packumentCache full:https://registry.npmjs.org/get-intrinsic set size:undefined disposed:false
391 http fetch GET 200 https://registry.npmjs.org/get-intrinsic 66ms (cache miss)
392 silly packumentCache full:https://registry.npmjs.org/get-intrinsic set size:undefined disposed:false
393 silly placeDep ROOT call-bound@1.0.4 OK for: side-channel-map@1.0.1 want: ^1.0.2
394 silly placeDep ROOT get-intrinsic@1.3.0 OK for: side-channel-map@1.0.1 want: ^1.2.5
395 silly fetch manifest call-bind-apply-helpers@^1.0.2
396 silly packumentCache full:https://registry.npmjs.org/call-bind-apply-helpers cache-miss
397 silly fetch manifest get-intrinsic@^1.3.0
398 silly packumentCache full:https://registry.npmjs.org/get-intrinsic cache-miss
399 silly fetch manifest gopd@^1.2.0
400 silly packumentCache full:https://registry.npmjs.org/gopd cache-miss
401 silly fetch manifest hasown@^2.0.2
402 silly packumentCache full:https://registry.npmjs.org/hasown cache-miss
403 silly fetch manifest get-proto@^1.0.1
404 silly packumentCache full:https://registry.npmjs.org/get-proto cache-miss
405 silly fetch manifest has-symbols@^1.1.0
406 silly packumentCache full:https://registry.npmjs.org/has-symbols cache-miss
407 silly fetch manifest function-bind@^1.1.2
408 silly packumentCache full:https://registry.npmjs.org/function-bind cache-miss
409 http cache https://registry.npmjs.org/get-intrinsic 10ms (cache hit)
410 silly packumentCache full:https://registry.npmjs.org/get-intrinsic set size:60985 disposed:false
411 silly fetch manifest es-object-atoms@^1.1.1
412 silly packumentCache full:https://registry.npmjs.org/es-object-atoms cache-miss
413 http fetch GET 200 https://registry.npmjs.org/get-proto 73ms (cache miss)
414 silly packumentCache full:https://registry.npmjs.org/get-proto set size:undefined disposed:false
415 silly fetch manifest math-intrinsics@^1.1.0
416 silly packumentCache full:https://registry.npmjs.org/math-intrinsics cache-miss
417 http fetch GET 200 https://registry.npmjs.org/gopd 75ms (cache miss)
418 silly packumentCache full:https://registry.npmjs.org/gopd set size:undefined disposed:false
419 silly fetch manifest call-bind-apply-helpers@^1.0.2
420 silly packumentCache full:https://registry.npmjs.org/call-bind-apply-helpers cache-miss
421 http fetch GET 200 https://registry.npmjs.org/es-object-atoms 68ms (cache miss)
422 silly packumentCache full:https://registry.npmjs.org/es-object-atoms set size:undefined disposed:false
423 http fetch GET 200 https://registry.npmjs.org/function-bind 78ms (cache miss)
424 silly packumentCache full:https://registry.npmjs.org/function-bind set size:undefined disposed:false
425 http fetch GET 200 https://registry.npmjs.org/hasown 80ms (cache miss)
426 silly packumentCache full:https://registry.npmjs.org/hasown set size:undefined disposed:false
427 http fetch GET 200 https://registry.npmjs.org/call-bind-apply-helpers 82ms (cache miss)
428 silly packumentCache full:https://registry.npmjs.org/call-bind-apply-helpers set size:undefined disposed:false
429 http fetch GET 200 https://registry.npmjs.org/has-symbols 81ms (cache miss)
430 silly packumentCache full:https://registry.npmjs.org/has-symbols set size:undefined disposed:false
431 http cache https://registry.npmjs.org/call-bind-apply-helpers 9ms (cache hit)
432 silly packumentCache full:https://registry.npmjs.org/call-bind-apply-helpers set size:12744 disposed:false
433 http fetch GET 200 https://registry.npmjs.org/math-intrinsics 49ms (cache miss)
434 silly packumentCache full:https://registry.npmjs.org/math-intrinsics set size:undefined disposed:false
435 silly placeDep ROOT call-bind-apply-helpers@1.0.2 OK for: call-bound@1.0.4 want: ^1.0.2
436 silly placeDep ROOT function-bind@1.1.2 OK for: call-bind-apply-helpers@1.0.2 want: ^1.1.2
437 silly placeDep ROOT es-object-atoms@1.1.2 OK for: get-intrinsic@1.3.0 want: ^1.1.1
438 silly placeDep ROOT get-proto@1.0.1 OK for: get-intrinsic@1.3.0 want: ^1.0.1
439 silly placeDep ROOT gopd@1.2.0 OK for: get-intrinsic@1.3.0 want: ^1.2.0
440 silly placeDep ROOT has-symbols@1.1.0 OK for: get-intrinsic@1.3.0 want: ^1.1.0
441 silly placeDep ROOT hasown@2.0.4 OK for: get-intrinsic@1.3.0 want: ^2.0.2
442 silly placeDep ROOT math-intrinsics@1.1.0 OK for: get-intrinsic@1.3.0 want: ^1.1.0
443 silly fetch manifest dunder-proto@^1.0.1
444 silly packumentCache full:https://registry.npmjs.org/dunder-proto cache-miss
445 http fetch GET 200 https://registry.npmjs.org/dunder-proto 51ms (cache miss)
446 silly packumentCache full:https://registry.npmjs.org/dunder-proto set size:undefined disposed:false
447 silly placeDep ROOT dunder-proto@1.0.1 OK for: get-proto@1.0.1 want: ^1.0.1
448 silly placeDep node_modules/type-is content-type@2.1.0 OK for: type-is@2.1.0 want: ^2.0.0
449 silly placeDep ROOT media-typer@1.1.1 OK for: type-is@2.1.0 want: ^1.1.0
450 silly placeDep ROOT random-bytes@1.0.0 OK for: uid-safe@2.1.5 want: ~1.0.0
451 silly placeDep ROOT axios@1.20.0 OK for: webuntis@2.2.1 want: ^1.6.7
452 silly placeDep ROOT date-fns@3.6.0 OK for: webuntis@2.2.1 want: ^3.3.1
453 silly placeDep ROOT otplib@12.0.1 OK for: webuntis@2.2.1 want: ^12
454 silly fetch manifest form-data@^4.0.6
455 silly packumentCache full:https://registry.npmjs.org/form-data cache-miss
456 silly fetch manifest proxy-from-env@^2.1.0
457 silly packumentCache full:https://registry.npmjs.org/proxy-from-env cache-miss
458 silly fetch manifest follow-redirects@^1.16.0
459 silly packumentCache full:https://registry.npmjs.org/follow-redirects cache-miss
460 silly fetch manifest https-proxy-agent@^5.0.1
461 silly packumentCache full:https://registry.npmjs.org/https-proxy-agent cache-miss
462 silly fetch manifest @otplib/core@^12.0.1
463 silly packumentCache full:https://registry.npmjs.org/@otplib%2fcore cache-miss
464 silly fetch manifest @otplib/preset-v11@^12.0.1
465 silly packumentCache full:https://registry.npmjs.org/@otplib%2fpreset-v11 cache-miss
466 silly fetch manifest @otplib/preset-default@^12.0.1
467 silly packumentCache full:https://registry.npmjs.org/@otplib%2fpreset-default cache-miss
468 http fetch GET 200 https://registry.npmjs.org/proxy-from-env 95ms (cache miss)
469 silly packumentCache full:https://registry.npmjs.org/proxy-from-env set size:undefined disposed:false
470 http fetch GET 200 https://registry.npmjs.org/https-proxy-agent 96ms (cache miss)
471 silly packumentCache full:https://registry.npmjs.org/https-proxy-agent set size:undefined disposed:false
472 http fetch GET 200 https://registry.npmjs.org/@otplib%2fpreset-default 98ms (cache miss)
473 silly packumentCache full:https://registry.npmjs.org/@otplib%2fpreset-default set size:undefined disposed:false
474 http fetch GET 200 https://registry.npmjs.org/@otplib%2fpreset-v11 99ms (cache miss)
475 silly packumentCache full:https://registry.npmjs.org/@otplib%2fpreset-v11 set size:undefined disposed:false
476 http fetch GET 200 https://registry.npmjs.org/form-data 104ms (cache miss)
477 silly packumentCache full:https://registry.npmjs.org/form-data set size:undefined disposed:false
478 http fetch GET 200 https://registry.npmjs.org/follow-redirects 109ms (cache miss)
479 silly packumentCache full:https://registry.npmjs.org/follow-redirects set size:undefined disposed:false
480 http fetch GET 200 https://registry.npmjs.org/@otplib%2fcore 239ms (cache miss)
481 silly packumentCache full:https://registry.npmjs.org/@otplib%2fcore set size:undefined disposed:false
482 silly placeDep ROOT follow-redirects@1.16.0 OK for: axios@1.20.0 want: ^1.16.0
483 silly placeDep ROOT form-data@4.0.6 OK for: axios@1.20.0 want: ^4.0.6
484 silly placeDep ROOT https-proxy-agent@5.0.1 OK for: axios@1.20.0 want: ^5.0.1
485 silly placeDep ROOT proxy-from-env@2.1.0 OK for: axios@1.20.0 want: ^2.1.0
486 silly fetch manifest asynckit@^0.4.0
487 silly packumentCache full:https://registry.npmjs.org/asynckit cache-miss
488 silly fetch manifest mime-types@^2.1.35
489 silly packumentCache full:https://registry.npmjs.org/mime-types cache-miss
490 silly fetch manifest combined-stream@^1.0.8
491 silly packumentCache full:https://registry.npmjs.org/combined-stream cache-miss
492 silly fetch manifest es-set-tostringtag@^2.1.0
493 silly packumentCache full:https://registry.npmjs.org/es-set-tostringtag cache-miss
494 silly fetch manifest agent-base@6
495 silly packumentCache full:https://registry.npmjs.org/agent-base cache-miss
496 http cache https://registry.npmjs.org/mime-types 11ms (cache hit)
497 silly packumentCache full:https://registry.npmjs.org/mime-types set size:139110 disposed:false
498 http fetch GET 200 https://registry.npmjs.org/es-set-tostringtag 61ms (cache miss)
499 silly packumentCache full:https://registry.npmjs.org/es-set-tostringtag set size:undefined disposed:false
500 http fetch GET 200 https://registry.npmjs.org/asynckit 67ms (cache miss)
501 silly packumentCache full:https://registry.npmjs.org/asynckit set size:undefined disposed:false
502 http fetch GET 200 https://registry.npmjs.org/combined-stream 68ms (cache miss)
503 silly packumentCache full:https://registry.npmjs.org/combined-stream set size:undefined disposed:false
504 http fetch GET 200 https://registry.npmjs.org/agent-base 71ms (cache miss)
505 silly packumentCache full:https://registry.npmjs.org/agent-base set size:undefined disposed:false
506 silly placeDep ROOT asynckit@0.4.0 OK for: form-data@4.0.6 want: ^0.4.0
507 silly placeDep ROOT combined-stream@1.0.8 OK for: form-data@4.0.6 want: ^1.0.8
508 silly placeDep ROOT es-set-tostringtag@2.1.0 OK for: form-data@4.0.6 want: ^2.1.0
509 silly placeDep node_modules/form-data mime-types@2.1.35 OK for: form-data@4.0.6 want: ^2.1.35
510 silly fetch manifest delayed-stream@~1.0.0
511 silly packumentCache full:https://registry.npmjs.org/delayed-stream cache-miss
512 silly fetch manifest has-tostringtag@^1.0.2
513 silly packumentCache full:https://registry.npmjs.org/has-tostringtag cache-miss
514 silly fetch manifest mime-db@1.52.0
515 silly packumentCache full:https://registry.npmjs.org/mime-db cache-miss
516 http cache https://registry.npmjs.org/mime-db 5ms (cache hit)
517 silly packumentCache full:https://registry.npmjs.org/mime-db set size:164953 disposed:false
518 http fetch GET 200 https://registry.npmjs.org/delayed-stream 60ms (cache miss)
519 silly packumentCache full:https://registry.npmjs.org/delayed-stream set size:undefined disposed:false
520 http fetch GET 200 https://registry.npmjs.org/has-tostringtag 63ms (cache miss)
521 silly packumentCache full:https://registry.npmjs.org/has-tostringtag set size:undefined disposed:false
522 silly placeDep ROOT delayed-stream@1.0.0 OK for: combined-stream@1.0.8 want: ~1.0.0
523 silly placeDep ROOT has-tostringtag@1.0.2 OK for: es-set-tostringtag@2.1.0 want: ^1.0.2
524 silly placeDep ROOT agent-base@6.0.2 OK for: https-proxy-agent@5.0.1 want: 6
525 silly placeDep ROOT @otplib/core@12.0.1 OK for: otplib@12.0.1 want: ^12.0.1
526 silly placeDep ROOT @otplib/preset-default@12.0.1 OK for: otplib@12.0.1 want: ^12.0.1
527 silly placeDep ROOT @otplib/preset-v11@12.0.1 OK for: otplib@12.0.1 want: ^12.0.1
528 silly fetch manifest @otplib/plugin-crypto@^12.0.1
529 silly packumentCache full:https://registry.npmjs.org/@otplib%2fplugin-crypto cache-miss
530 silly fetch manifest @otplib/plugin-thirty-two@^12.0.1
531 silly packumentCache full:https://registry.npmjs.org/@otplib%2fplugin-thirty-two cache-miss
532 silly fetch manifest @otplib/plugin-crypto@^12.0.1
533 silly packumentCache full:https://registry.npmjs.org/@otplib%2fplugin-crypto cache-miss
534 silly fetch manifest @otplib/plugin-thirty-two@^12.0.1
535 silly packumentCache full:https://registry.npmjs.org/@otplib%2fplugin-thirty-two cache-miss
536 http fetch GET 200 https://registry.npmjs.org/@otplib%2fplugin-crypto 79ms (cache miss)
537 silly packumentCache full:https://registry.npmjs.org/@otplib%2fplugin-crypto set size:undefined disposed:false
538 http fetch GET 200 https://registry.npmjs.org/@otplib%2fplugin-crypto 81ms (cache miss)
539 silly packumentCache full:https://registry.npmjs.org/@otplib%2fplugin-crypto set size:undefined disposed:false
540 http fetch GET 200 https://registry.npmjs.org/@otplib%2fplugin-thirty-two 81ms (cache miss)
541 silly packumentCache full:https://registry.npmjs.org/@otplib%2fplugin-thirty-two set size:undefined disposed:false
542 http fetch GET 200 https://registry.npmjs.org/@otplib%2fplugin-thirty-two 82ms (cache miss)
543 silly packumentCache full:https://registry.npmjs.org/@otplib%2fplugin-thirty-two set size:undefined disposed:false
544 silly placeDep ROOT @otplib/plugin-crypto@12.0.1 OK for: @otplib/preset-default@12.0.1 want: ^12.0.1
545 silly placeDep ROOT @otplib/plugin-thirty-two@12.0.1 OK for: @otplib/preset-default@12.0.1 want: ^12.0.1
546 silly fetch manifest thirty-two@^1.0.2
547 silly packumentCache full:https://registry.npmjs.org/thirty-two cache-miss
548 http fetch GET 200 https://registry.npmjs.org/thirty-two 45ms (cache miss)
549 silly packumentCache full:https://registry.npmjs.org/thirty-two set size:undefined disposed:false
550 silly placeDep ROOT thirty-two@1.0.2 OK for: @otplib/plugin-thirty-two@12.0.1 want: ^1.0.2
551 silly placeDep node_modules/express-session ms@2.0.0 OK for: debug@2.6.9 want: 2.0.0
552 silly placeDep node_modules/form-data mime-db@1.52.0 OK for: mime-types@2.1.35 want: 1.52.0
553 silly reify moves {}
554 silly audit bulk request {
554 silly audit   express: [ '5.2.1' ],
554 silly audit   'express-session': [ '1.19.0' ],
554 silly audit   webuntis: [ '2.2.1' ],
554 silly audit   accepts: [ '2.0.0' ],
554 silly audit   'body-parser': [ '2.3.0' ],
554 silly audit   'content-disposition': [ '1.1.0' ],
554 silly audit   'content-type': [ '1.0.5', '2.1.0' ],
554 silly audit   cookie: [ '0.7.2' ],
554 silly audit   'cookie-signature': [ '1.2.2', '1.0.7' ],
554 silly audit   debug: [ '4.4.3', '2.6.9' ],
554 silly audit   depd: [ '2.0.0' ],
554 silly audit   encodeurl: [ '2.0.0' ],
554 silly audit   'escape-html': [ '1.0.3' ],
554 silly audit   etag: [ '1.8.1' ],
554 silly audit   finalhandler: [ '2.1.1' ],
554 silly audit   fresh: [ '2.0.0' ],
554 silly audit   'http-errors': [ '2.0.1' ],
554 silly audit   'merge-descriptors': [ '2.0.0' ],
554 silly audit   'mime-types': [ '3.0.2', '2.1.35' ],
554 silly audit   'on-finished': [ '2.4.1' ],
554 silly audit   once: [ '1.4.0' ],
554 silly audit   parseurl: [ '1.3.3' ],
554 silly audit   'proxy-addr': [ '2.0.8' ],
554 silly audit   qs: [ '6.16.0' ],
554 silly audit   'range-parser': [ '1.3.0' ],
554 silly audit   router: [ '2.2.0' ],
554 silly audit   send: [ '1.2.1' ],
554 silly audit   'serve-static': [ '2.2.1' ],
554 silly audit   statuses: [ '2.0.2' ],
554 silly audit   'type-is': [ '2.1.0' ],
554 silly audit   vary: [ '1.1.2' ],
554 silly audit   negotiator: [ '1.1.0' ],
554 silly audit   bytes: [ '3.1.2' ],
554 silly audit   'iconv-lite': [ '0.7.3' ],
554 silly audit   'raw-body': [ '3.0.2' ],
554 silly audit   ms: [ '2.1.3', '2.0.0' ],
554 silly audit   'on-headers': [ '1.1.0' ],
554 silly audit   'safe-buffer': [ '5.2.1' ],
554 silly audit   'uid-safe': [ '2.1.5' ],
554 silly audit   inherits: [ '2.0.4' ],
554 silly audit   setprototypeof: [ '1.2.0' ],
554 silly audit   toidentifier: [ '1.0.1' ],
554 silly audit   'safer-buffer': [ '2.1.2' ],
554 silly audit   'mime-db': [ '1.54.0', '1.52.0' ],
554 silly audit   'ee-first': [ '1.1.1' ],
554 silly audit   wrappy: [ '1.0.2' ],
554 silly audit   forwarded: [ '0.2.0' ],
554 silly audit   'ipaddr.js': [ '1.9.1' ],
554 silly audit   'es-define-property': [ '1.0.1' ],
554 silly audit   'side-channel': [ '1.1.1' ],
554 silly audit   unpipe: [ '1.0.0' ],
554 silly audit   'is-promise': [ '4.0.0' ],
554 silly audit   'path-to-regexp': [ '8.4.2' ],
554 silly audit   'es-errors': [ '1.3.0' ],
554 silly audit   'object-inspect': [ '1.13.4' ],
554 silly audit   'side-channel-list': [ '1.0.1' ],
554 silly audit   'side-channel-map': [ '1.0.1' ],
554 silly audit   'side-channel-weakmap': [ '1.0.2' ],
554 silly audit   'call-bound': [ '1.0.4' ],
554 silly audit   'get-intrinsic': [ '1.3.0' ],
554 silly audit   'call-bind-apply-helpers': [ '1.0.2' ],
554 silly audit   'function-bind': [ '1.1.2' ],
554 silly audit   'es-object-atoms': [ '1.1.2' ],
554 silly audit   'get-proto': [ '1.0.1' ],
554 silly audit   gopd: [ '1.2.0' ],
554 silly audit   'has-symbols': [ '1.1.0' ],
554 silly audit   hasown: [ '2.0.4' ],
554 silly audit   'math-intrinsics': [ '1.1.0' ],
554 silly audit   'dunder-proto': [ '1.0.1' ],
554 silly audit   'media-typer': [ '1.1.1' ],
554 silly audit   'random-bytes': [ '1.0.0' ],
554 silly audit   axios: [ '1.20.0' ],
554 silly audit   'date-fns': [ '3.6.0' ],
554 silly audit   otplib: [ '12.0.1' ],
554 silly audit   'follow-redirects': [ '1.16.0' ],
554 silly audit   'form-data': [ '4.0.6' ],
554 silly audit   'https-proxy-agent': [ '5.0.1' ],
554 silly audit   'proxy-from-env': [ '2.1.0' ],
554 silly audit   asynckit: [ '0.4.0' ],
554 silly audit   'combined-stream': [ '1.0.8' ],
554 silly audit   'es-set-tostringtag': [ '2.1.0' ],
554 silly audit   'delayed-stream': [ '1.0.0' ],
554 silly audit   'has-tostringtag': [ '1.0.2' ],
554 silly audit   'agent-base': [ '6.0.2' ],
554 silly audit   '@otplib/core': [ '12.0.1' ],
554 silly audit   '@otplib/preset-default': [ '12.0.1' ],
554 silly audit   '@otplib/preset-v11': [ '12.0.1' ],
554 silly audit   '@otplib/plugin-crypto': [ '12.0.1' ],
554 silly audit   '@otplib/plugin-thirty-two': [ '12.0.1' ],
554 silly audit   'thirty-two': [ '1.0.2' ]
554 silly audit }
555 http cache @otplib/plugin-thirty-two@https://registry.npmjs.org/@otplib/plugin-thirty-two/-/plugin-thirty-two-12.0.1.tgz 0ms (cache hit)
556 http cache thirty-two@https://registry.npmjs.org/thirty-two/-/thirty-two-1.0.2.tgz 0ms (cache hit)
557 http cache @otplib/plugin-crypto@https://registry.npmjs.org/@otplib/plugin-crypto/-/plugin-crypto-12.0.1.tgz 0ms (cache hit)
558 http cache @otplib/preset-v11@https://registry.npmjs.org/@otplib/preset-v11/-/preset-v11-12.0.1.tgz 0ms (cache hit)
559 http cache agent-base@https://registry.npmjs.org/agent-base/-/agent-base-6.0.2.tgz 0ms (cache hit)
560 http cache @otplib/preset-default@https://registry.npmjs.org/@otplib/preset-default/-/preset-default-12.0.1.tgz 0ms (cache hit)
561 http cache @otplib/core@https://registry.npmjs.org/@otplib/core/-/core-12.0.1.tgz 0ms (cache hit)
562 http cache has-tostringtag@https://registry.npmjs.org/has-tostringtag/-/has-tostringtag-1.0.2.tgz 0ms (cache hit)
563 http cache delayed-stream@https://registry.npmjs.org/delayed-stream/-/delayed-stream-1.0.0.tgz 0ms (cache hit)
564 http cache es-set-tostringtag@https://registry.npmjs.org/es-set-tostringtag/-/es-set-tostringtag-2.1.0.tgz 0ms (cache hit)
565 http cache asynckit@https://registry.npmjs.org/asynckit/-/asynckit-0.4.0.tgz 0ms (cache hit)
566 http cache proxy-from-env@https://registry.npmjs.org/proxy-from-env/-/proxy-from-env-2.1.0.tgz 0ms (cache hit)
567 http cache https-proxy-agent@https://registry.npmjs.org/https-proxy-agent/-/https-proxy-agent-5.0.1.tgz 0ms (cache hit)
568 http cache form-data@https://registry.npmjs.org/form-data/-/form-data-4.0.6.tgz 0ms (cache hit)
569 http cache follow-redirects@https://registry.npmjs.org/follow-redirects/-/follow-redirects-1.16.0.tgz 0ms (cache hit)
570 http cache otplib@https://registry.npmjs.org/otplib/-/otplib-12.0.1.tgz 0ms (cache hit)
571 http cache date-fns@https://registry.npmjs.org/date-fns/-/date-fns-3.6.0.tgz 0ms (cache hit)
572 http cache axios@https://registry.npmjs.org/axios/-/axios-1.20.0.tgz 0ms (cache hit)
573 http cache random-bytes@https://registry.npmjs.org/random-bytes/-/random-bytes-1.0.0.tgz 0ms (cache hit)
574 http cache media-typer@https://registry.npmjs.org/media-typer/-/media-typer-1.1.1.tgz 0ms (cache hit)
575 http cache combined-stream@https://registry.npmjs.org/combined-stream/-/combined-stream-1.0.8.tgz 0ms (cache hit)
576 http cache dunder-proto@https://registry.npmjs.org/dunder-proto/-/dunder-proto-1.0.1.tgz 0ms (cache hit)
577 http cache math-intrinsics@https://registry.npmjs.org/math-intrinsics/-/math-intrinsics-1.1.0.tgz 0ms (cache hit)
578 http cache hasown@https://registry.npmjs.org/hasown/-/hasown-2.0.4.tgz 0ms (cache hit)
579 http cache has-symbols@https://registry.npmjs.org/has-symbols/-/has-symbols-1.1.0.tgz 0ms (cache hit)
580 http cache gopd@https://registry.npmjs.org/gopd/-/gopd-1.2.0.tgz 0ms (cache hit)
581 http cache get-proto@https://registry.npmjs.org/get-proto/-/get-proto-1.0.1.tgz 0ms (cache hit)
582 http cache es-object-atoms@https://registry.npmjs.org/es-object-atoms/-/es-object-atoms-1.1.2.tgz 0ms (cache hit)
583 http cache function-bind@https://registry.npmjs.org/function-bind/-/function-bind-1.1.2.tgz 0ms (cache hit)
584 http cache call-bind-apply-helpers@https://registry.npmjs.org/call-bind-apply-helpers/-/call-bind-apply-helpers-1.0.2.tgz 0ms (cache hit)
585 http cache get-intrinsic@https://registry.npmjs.org/get-intrinsic/-/get-intrinsic-1.3.0.tgz 0ms (cache hit)
586 http cache call-bound@https://registry.npmjs.org/call-bound/-/call-bound-1.0.4.tgz 0ms (cache hit)
587 http cache side-channel-weakmap@https://registry.npmjs.org/side-channel-weakmap/-/side-channel-weakmap-1.0.2.tgz 0ms (cache hit)
588 http cache side-channel-map@https://registry.npmjs.org/side-channel-map/-/side-channel-map-1.0.1.tgz 0ms (cache hit)
589 http cache object-inspect@https://registry.npmjs.org/object-inspect/-/object-inspect-1.13.4.tgz 0ms (cache hit)
590 http cache es-errors@https://registry.npmjs.org/es-errors/-/es-errors-1.3.0.tgz 0ms (cache hit)
591 http cache path-to-regexp@https://registry.npmjs.org/path-to-regexp/-/path-to-regexp-8.4.2.tgz 0ms (cache hit)
592 http cache side-channel-list@https://registry.npmjs.org/side-channel-list/-/side-channel-list-1.0.1.tgz 0ms (cache hit)
593 http cache is-promise@https://registry.npmjs.org/is-promise/-/is-promise-4.0.0.tgz 0ms (cache hit)
594 http cache unpipe@https://registry.npmjs.org/unpipe/-/unpipe-1.0.0.tgz 0ms (cache hit)
595 http cache forwarded@https://registry.npmjs.org/forwarded/-/forwarded-0.2.0.tgz 0ms (cache hit)
596 http cache wrappy@https://registry.npmjs.org/wrappy/-/wrappy-1.0.2.tgz 0ms (cache hit)
597 http cache side-channel@https://registry.npmjs.org/side-channel/-/side-channel-1.1.1.tgz 0ms (cache hit)
598 http cache ee-first@https://registry.npmjs.org/ee-first/-/ee-first-1.1.1.tgz 0ms (cache hit)
599 http cache mime-db@https://registry.npmjs.org/mime-db/-/mime-db-1.54.0.tgz 0ms (cache hit)
600 http cache toidentifier@https://registry.npmjs.org/toidentifier/-/toidentifier-1.0.1.tgz 0ms (cache hit)
601 http cache ipaddr.js@https://registry.npmjs.org/ipaddr.js/-/ipaddr.js-1.9.1.tgz 0ms (cache hit)
602 http cache setprototypeof@https://registry.npmjs.org/setprototypeof/-/setprototypeof-1.2.0.tgz 0ms (cache hit)
603 http cache uid-safe@https://registry.npmjs.org/uid-safe/-/uid-safe-2.1.5.tgz 0ms (cache hit)
604 http cache es-define-property@https://registry.npmjs.org/es-define-property/-/es-define-property-1.0.1.tgz 0ms (cache hit)
605 http cache on-headers@https://registry.npmjs.org/on-headers/-/on-headers-1.1.0.tgz 0ms (cache hit)
606 http cache ms@https://registry.npmjs.org/ms/-/ms-2.1.3.tgz 0ms (cache hit)
607 http cache safer-buffer@https://registry.npmjs.org/safer-buffer/-/safer-buffer-2.1.2.tgz 0ms (cache hit)
608 http cache raw-body@https://registry.npmjs.org/raw-body/-/raw-body-3.0.2.tgz 0ms (cache hit)
609 http cache iconv-lite@https://registry.npmjs.org/iconv-lite/-/iconv-lite-0.7.3.tgz 0ms (cache hit)
610 http cache bytes@https://registry.npmjs.org/bytes/-/bytes-3.1.2.tgz 0ms (cache hit)
611 http cache negotiator@https://registry.npmjs.org/negotiator/-/negotiator-1.1.0.tgz 0ms (cache hit)
612 http cache type-is@https://registry.npmjs.org/type-is/-/type-is-2.1.0.tgz 0ms (cache hit)
613 http cache statuses@https://registry.npmjs.org/statuses/-/statuses-2.0.2.tgz 0ms (cache hit)
614 http cache vary@https://registry.npmjs.org/vary/-/vary-1.1.2.tgz 0ms (cache hit)
615 http cache inherits@https://registry.npmjs.org/inherits/-/inherits-2.0.4.tgz 0ms (cache hit)
616 http cache serve-static@https://registry.npmjs.org/serve-static/-/serve-static-2.2.1.tgz 0ms (cache hit)
617 http cache router@https://registry.npmjs.org/router/-/router-2.2.0.tgz 0ms (cache hit)
618 http cache range-parser@https://registry.npmjs.org/range-parser/-/range-parser-1.3.0.tgz 0ms (cache hit)
619 http cache qs@https://registry.npmjs.org/qs/-/qs-6.16.0.tgz 0ms (cache hit)
620 http cache send@https://registry.npmjs.org/send/-/send-1.2.1.tgz 0ms (cache hit)
621 http cache once@https://registry.npmjs.org/once/-/once-1.4.0.tgz 0ms (cache hit)
622 http cache parseurl@https://registry.npmjs.org/parseurl/-/parseurl-1.3.3.tgz 0ms (cache hit)
623 http cache mime-types@https://registry.npmjs.org/mime-types/-/mime-types-3.0.2.tgz 0ms (cache hit)
624 http cache http-errors@https://registry.npmjs.org/http-errors/-/http-errors-2.0.1.tgz 0ms (cache hit)
625 http cache on-finished@https://registry.npmjs.org/on-finished/-/on-finished-2.4.1.tgz 0ms (cache hit)
626 http cache merge-descriptors@https://registry.npmjs.org/merge-descriptors/-/merge-descriptors-2.0.0.tgz 0ms (cache hit)
627 http cache finalhandler@https://registry.npmjs.org/finalhandler/-/finalhandler-2.1.1.tgz 0ms (cache hit)
628 http cache etag@https://registry.npmjs.org/etag/-/etag-1.8.1.tgz 0ms (cache hit)
629 http cache safe-buffer@https://registry.npmjs.org/safe-buffer/-/safe-buffer-5.2.1.tgz 0ms (cache hit)
630 http cache fresh@https://registry.npmjs.org/fresh/-/fresh-2.0.0.tgz 0ms (cache hit)
631 http cache proxy-addr@https://registry.npmjs.org/proxy-addr/-/proxy-addr-2.0.8.tgz 0ms (cache hit)
632 http cache escape-html@https://registry.npmjs.org/escape-html/-/escape-html-1.0.3.tgz 0ms (cache hit)
633 http cache encodeurl@https://registry.npmjs.org/encodeurl/-/encodeurl-2.0.0.tgz 0ms (cache hit)
634 http cache depd@https://registry.npmjs.org/depd/-/depd-2.0.0.tgz 0ms (cache hit)
635 http cache debug@https://registry.npmjs.org/debug/-/debug-4.4.3.tgz 0ms (cache hit)
636 http cache cookie-signature@https://registry.npmjs.org/cookie-signature/-/cookie-signature-1.2.2.tgz 0ms (cache hit)
637 http cache cookie@https://registry.npmjs.org/cookie/-/cookie-0.7.2.tgz 0ms (cache hit)
638 http cache content-type@https://registry.npmjs.org/content-type/-/content-type-1.0.5.tgz 0ms (cache hit)
639 http cache content-disposition@https://registry.npmjs.org/content-disposition/-/content-disposition-1.1.0.tgz 0ms (cache hit)
640 http cache body-parser@https://registry.npmjs.org/body-parser/-/body-parser-2.3.0.tgz 0ms (cache hit)
641 http cache accepts@https://registry.npmjs.org/accepts/-/accepts-2.0.0.tgz 0ms (cache hit)
642 http cache webuntis@https://registry.npmjs.org/webuntis/-/webuntis-2.2.1.tgz 0ms (cache hit)
643 http cache express-session@https://registry.npmjs.org/express-session/-/express-session-1.19.0.tgz 0ms (cache hit)
644 http cache express@https://registry.npmjs.org/express/-/express-5.2.1.tgz 0ms (cache hit)
645 http cache mime-db@https://registry.npmjs.org/mime-db/-/mime-db-1.52.0.tgz 0ms (cache hit)
646 http cache mime-types@https://registry.npmjs.org/mime-types/-/mime-types-2.1.35.tgz 0ms (cache hit)
647 http cache content-type@https://registry.npmjs.org/content-type/-/content-type-2.1.0.tgz 0ms (cache hit)
648 http cache content-type@https://registry.npmjs.org/content-type/-/content-type-2.1.0.tgz 0ms (cache hit)
649 http cache ms@https://registry.npmjs.org/ms/-/ms-2.0.0.tgz 0ms (cache hit)
650 http cache content-type@https://registry.npmjs.org/content-type/-/content-type-2.1.0.tgz 0ms (cache hit)
651 http cache debug@https://registry.npmjs.org/debug/-/debug-2.6.9.tgz 0ms (cache hit)
652 http cache cookie-signature@https://registry.npmjs.org/cookie-signature/-/cookie-signature-1.0.7.tgz 0ms (cache hit)
653 silly tarball no local data for @otplib/plugin-thirty-two@https://registry.npmjs.org/@otplib/plugin-thirty-two/-/plugin-thirty-two-12.0.1.tgz. Extracting by manifest.
654 silly tarball no local data for thirty-two@https://registry.npmjs.org/thirty-two/-/thirty-two-1.0.2.tgz. Extracting by manifest.
655 silly tarball no local data for @otplib/plugin-crypto@https://registry.npmjs.org/@otplib/plugin-crypto/-/plugin-crypto-12.0.1.tgz. Extracting by manifest.
656 silly tarball no local data for agent-base@https://registry.npmjs.org/agent-base/-/agent-base-6.0.2.tgz. Extracting by manifest.
657 silly tarball no local data for @otplib/preset-v11@https://registry.npmjs.org/@otplib/preset-v11/-/preset-v11-12.0.1.tgz. Extracting by manifest.
658 silly tarball no local data for @otplib/preset-default@https://registry.npmjs.org/@otplib/preset-default/-/preset-default-12.0.1.tgz. Extracting by manifest.
659 silly tarball no local data for @otplib/core@https://registry.npmjs.org/@otplib/core/-/core-12.0.1.tgz. Extracting by manifest.
660 silly tarball no local data for has-tostringtag@https://registry.npmjs.org/has-tostringtag/-/has-tostringtag-1.0.2.tgz. Extracting by manifest.
661 silly tarball no local data for delayed-stream@https://registry.npmjs.org/delayed-stream/-/delayed-stream-1.0.0.tgz. Extracting by manifest.
662 silly tarball no local data for es-set-tostringtag@https://registry.npmjs.org/es-set-tostringtag/-/es-set-tostringtag-2.1.0.tgz. Extracting by manifest.
663 silly tarball no local data for asynckit@https://registry.npmjs.org/asynckit/-/asynckit-0.4.0.tgz. Extracting by manifest.
664 silly tarball no local data for proxy-from-env@https://registry.npmjs.org/proxy-from-env/-/proxy-from-env-2.1.0.tgz. Extracting by manifest.
665 silly tarball no local data for https-proxy-agent@https://registry.npmjs.org/https-proxy-agent/-/https-proxy-agent-5.0.1.tgz. Extracting by manifest.
666 silly tarball no local data for form-data@https://registry.npmjs.org/form-data/-/form-data-4.0.6.tgz. Extracting by manifest.
667 silly tarball no local data for follow-redirects@https://registry.npmjs.org/follow-redirects/-/follow-redirects-1.16.0.tgz. Extracting by manifest.
668 silly tarball no local data for otplib@https://registry.npmjs.org/otplib/-/otplib-12.0.1.tgz. Extracting by manifest.
669 silly tarball no local data for date-fns@https://registry.npmjs.org/date-fns/-/date-fns-3.6.0.tgz. Extracting by manifest.
670 silly tarball no local data for axios@https://registry.npmjs.org/axios/-/axios-1.20.0.tgz. Extracting by manifest.
671 silly tarball no local data for random-bytes@https://registry.npmjs.org/random-bytes/-/random-bytes-1.0.0.tgz. Extracting by manifest.
672 silly tarball no local data for media-typer@https://registry.npmjs.org/media-typer/-/media-typer-1.1.1.tgz. Extracting by manifest.
673 silly tarball no local data for combined-stream@https://registry.npmjs.org/combined-stream/-/combined-stream-1.0.8.tgz. Extracting by manifest.
674 silly tarball no local data for dunder-proto@https://registry.npmjs.org/dunder-proto/-/dunder-proto-1.0.1.tgz. Extracting by manifest.
675 silly tarball no local data for math-intrinsics@https://registry.npmjs.org/math-intrinsics/-/math-intrinsics-1.1.0.tgz. Extracting by manifest.
676 silly tarball no local data for hasown@https://registry.npmjs.org/hasown/-/hasown-2.0.4.tgz. Extracting by manifest.
677 silly tarball no local data for has-symbols@https://registry.npmjs.org/has-symbols/-/has-symbols-1.1.0.tgz. Extracting by manifest.
678 silly tarball no local data for gopd@https://registry.npmjs.org/gopd/-/gopd-1.2.0.tgz. Extracting by manifest.
679 silly tarball no local data for get-proto@https://registry.npmjs.org/get-proto/-/get-proto-1.0.1.tgz. Extracting by manifest.
680 silly tarball no local data for es-object-atoms@https://registry.npmjs.org/es-object-atoms/-/es-object-atoms-1.1.2.tgz. Extracting by manifest.
681 silly tarball no local data for function-bind@https://registry.npmjs.org/function-bind/-/function-bind-1.1.2.tgz. Extracting by manifest.
682 silly tarball no local data for call-bind-apply-helpers@https://registry.npmjs.org/call-bind-apply-helpers/-/call-bind-apply-helpers-1.0.2.tgz. Extracting by manifest.
683 silly tarball no local data for get-intrinsic@https://registry.npmjs.org/get-intrinsic/-/get-intrinsic-1.3.0.tgz. Extracting by manifest.
684 silly tarball no local data for call-bound@https://registry.npmjs.org/call-bound/-/call-bound-1.0.4.tgz. Extracting by manifest.
685 silly tarball no local data for side-channel-weakmap@https://registry.npmjs.org/side-channel-weakmap/-/side-channel-weakmap-1.0.2.tgz. Extracting by manifest.
686 silly tarball no local data for side-channel-map@https://registry.npmjs.org/side-channel-map/-/side-channel-map-1.0.1.tgz. Extracting by manifest.
687 silly tarball no local data for object-inspect@https://registry.npmjs.org/object-inspect/-/object-inspect-1.13.4.tgz. Extracting by manifest.
688 silly tarball no local data for es-errors@https://registry.npmjs.org/es-errors/-/es-errors-1.3.0.tgz. Extracting by manifest.
689 silly tarball no local data for path-to-regexp@https://registry.npmjs.org/path-to-regexp/-/path-to-regexp-8.4.2.tgz. Extracting by manifest.
690 silly tarball no local data for side-channel-list@https://registry.npmjs.org/side-channel-list/-/side-channel-list-1.0.1.tgz. Extracting by manifest.
691 silly tarball no local data for is-promise@https://registry.npmjs.org/is-promise/-/is-promise-4.0.0.tgz. Extracting by manifest.
692 silly tarball no local data for unpipe@https://registry.npmjs.org/unpipe/-/unpipe-1.0.0.tgz. Extracting by manifest.
693 silly tarball no local data for forwarded@https://registry.npmjs.org/forwarded/-/forwarded-0.2.0.tgz. Extracting by manifest.
694 silly tarball no local data for wrappy@https://registry.npmjs.org/wrappy/-/wrappy-1.0.2.tgz. Extracting by manifest.
695 silly tarball no local data for side-channel@https://registry.npmjs.org/side-channel/-/side-channel-1.1.1.tgz. Extracting by manifest.
696 silly tarball no local data for ee-first@https://registry.npmjs.org/ee-first/-/ee-first-1.1.1.tgz. Extracting by manifest.
697 silly tarball no local data for mime-db@https://registry.npmjs.org/mime-db/-/mime-db-1.54.0.tgz. Extracting by manifest.
698 silly tarball no local data for toidentifier@https://registry.npmjs.org/toidentifier/-/toidentifier-1.0.1.tgz. Extracting by manifest.
699 silly tarball no local data for ipaddr.js@https://registry.npmjs.org/ipaddr.js/-/ipaddr.js-1.9.1.tgz. Extracting by manifest.
700 silly tarball no local data for setprototypeof@https://registry.npmjs.org/setprototypeof/-/setprototypeof-1.2.0.tgz. Extracting by manifest.
701 silly tarball no local data for uid-safe@https://registry.npmjs.org/uid-safe/-/uid-safe-2.1.5.tgz. Extracting by manifest.
702 silly tarball no local data for es-define-property@https://registry.npmjs.org/es-define-property/-/es-define-property-1.0.1.tgz. Extracting by manifest.
703 silly tarball no local data for on-headers@https://registry.npmjs.org/on-headers/-/on-headers-1.1.0.tgz. Extracting by manifest.
704 silly tarball no local data for ms@https://registry.npmjs.org/ms/-/ms-2.1.3.tgz. Extracting by manifest.
705 silly tarball no local data for safer-buffer@https://registry.npmjs.org/safer-buffer/-/safer-buffer-2.1.2.tgz. Extracting by manifest.
706 silly tarball no local data for raw-body@https://registry.npmjs.org/raw-body/-/raw-body-3.0.2.tgz. Extracting by manifest.
707 silly tarball no local data for iconv-lite@https://registry.npmjs.org/iconv-lite/-/iconv-lite-0.7.3.tgz. Extracting by manifest.
708 silly tarball no local data for bytes@https://registry.npmjs.org/bytes/-/bytes-3.1.2.tgz. Extracting by manifest.
709 silly tarball no local data for negotiator@https://registry.npmjs.org/negotiator/-/negotiator-1.1.0.tgz. Extracting by manifest.
710 silly tarball no local data for type-is@https://registry.npmjs.org/type-is/-/type-is-2.1.0.tgz. Extracting by manifest.
711 silly tarball no local data for statuses@https://registry.npmjs.org/statuses/-/statuses-2.0.2.tgz. Extracting by manifest.
712 silly tarball no local data for vary@https://registry.npmjs.org/vary/-/vary-1.1.2.tgz. Extracting by manifest.
713 silly tarball no local data for inherits@https://registry.npmjs.org/inherits/-/inherits-2.0.4.tgz. Extracting by manifest.
714 silly tarball no local data for serve-static@https://registry.npmjs.org/serve-static/-/serve-static-2.2.1.tgz. Extracting by manifest.
715 silly tarball no local data for router@https://registry.npmjs.org/router/-/router-2.2.0.tgz. Extracting by manifest.
716 silly tarball no local data for range-parser@https://registry.npmjs.org/range-parser/-/range-parser-1.3.0.tgz. Extracting by manifest.
717 silly tarball no local data for send@https://registry.npmjs.org/send/-/send-1.2.1.tgz. Extracting by manifest.
718 silly tarball no local data for qs@https://registry.npmjs.org/qs/-/qs-6.16.0.tgz. Extracting by manifest.
719 silly tarball no local data for once@https://registry.npmjs.org/once/-/once-1.4.0.tgz. Extracting by manifest.
720 silly tarball no local data for parseurl@https://registry.npmjs.org/parseurl/-/parseurl-1.3.3.tgz. Extracting by manifest.
721 silly tarball no local data for mime-types@https://registry.npmjs.org/mime-types/-/mime-types-3.0.2.tgz. Extracting by manifest.
722 silly tarball no local data for http-errors@https://registry.npmjs.org/http-errors/-/http-errors-2.0.1.tgz. Extracting by manifest.
723 silly tarball no local data for on-finished@https://registry.npmjs.org/on-finished/-/on-finished-2.4.1.tgz. Extracting by manifest.
724 silly tarball no local data for merge-descriptors@https://registry.npmjs.org/merge-descriptors/-/merge-descriptors-2.0.0.tgz. Extracting by manifest.
725 silly tarball no local data for finalhandler@https://registry.npmjs.org/finalhandler/-/finalhandler-2.1.1.tgz. Extracting by manifest.
726 silly tarball no local data for etag@https://registry.npmjs.org/etag/-/etag-1.8.1.tgz. Extracting by manifest.
727 silly tarball no local data for safe-buffer@https://registry.npmjs.org/safe-buffer/-/safe-buffer-5.2.1.tgz. Extracting by manifest.
728 silly tarball no local data for fresh@https://registry.npmjs.org/fresh/-/fresh-2.0.0.tgz. Extracting by manifest.
729 silly tarball no local data for proxy-addr@https://registry.npmjs.org/proxy-addr/-/proxy-addr-2.0.8.tgz. Extracting by manifest.
730 silly tarball no local data for escape-html@https://registry.npmjs.org/escape-html/-/escape-html-1.0.3.tgz. Extracting by manifest.
731 silly tarball no local data for encodeurl@https://registry.npmjs.org/encodeurl/-/encodeurl-2.0.0.tgz. Extracting by manifest.
732 silly tarball no local data for depd@https://registry.npmjs.org/depd/-/depd-2.0.0.tgz. Extracting by manifest.
733 silly tarball no local data for debug@https://registry.npmjs.org/debug/-/debug-4.4.3.tgz. Extracting by manifest.
734 silly tarball no local data for cookie-signature@https://registry.npmjs.org/cookie-signature/-/cookie-signature-1.2.2.tgz. Extracting by manifest.
735 silly tarball no local data for cookie@https://registry.npmjs.org/cookie/-/cookie-0.7.2.tgz. Extracting by manifest.
736 silly tarball no local data for content-type@https://registry.npmjs.org/content-type/-/content-type-1.0.5.tgz. Extracting by manifest.
737 silly tarball no local data for content-disposition@https://registry.npmjs.org/content-disposition/-/content-disposition-1.1.0.tgz. Extracting by manifest.
738 silly tarball no local data for body-parser@https://registry.npmjs.org/body-parser/-/body-parser-2.3.0.tgz. Extracting by manifest.
739 silly tarball no local data for accepts@https://registry.npmjs.org/accepts/-/accepts-2.0.0.tgz. Extracting by manifest.
740 silly tarball no local data for webuntis@https://registry.npmjs.org/webuntis/-/webuntis-2.2.1.tgz. Extracting by manifest.
741 silly tarball no local data for express-session@https://registry.npmjs.org/express-session/-/express-session-1.19.0.tgz. Extracting by manifest.
742 silly tarball no local data for express@https://registry.npmjs.org/express/-/express-5.2.1.tgz. Extracting by manifest.
743 silly tarball no local data for mime-db@https://registry.npmjs.org/mime-db/-/mime-db-1.52.0.tgz. Extracting by manifest.
744 silly tarball no local data for mime-types@https://registry.npmjs.org/mime-types/-/mime-types-2.1.35.tgz. Extracting by manifest.
745 silly tarball no local data for content-type@https://registry.npmjs.org/content-type/-/content-type-2.1.0.tgz. Extracting by manifest.
746 silly tarball no local data for content-type@https://registry.npmjs.org/content-type/-/content-type-2.1.0.tgz. Extracting by manifest.
747 silly tarball no local data for ms@https://registry.npmjs.org/ms/-/ms-2.0.0.tgz. Extracting by manifest.
748 silly tarball no local data for content-type@https://registry.npmjs.org/content-type/-/content-type-2.1.0.tgz. Extracting by manifest.
749 silly tarball no local data for debug@https://registry.npmjs.org/debug/-/debug-2.6.9.tgz. Extracting by manifest.
750 silly tarball no local data for cookie-signature@https://registry.npmjs.org/cookie-signature/-/cookie-signature-1.0.7.tgz. Extracting by manifest.
751 http fetch GET 200 https://registry.npmjs.org/thirty-two/-/thirty-two-1.0.2.tgz 111ms (cache miss)
752 http fetch GET 200 https://registry.npmjs.org/@otplib/preset-default/-/preset-default-12.0.1.tgz 110ms (cache miss)
753 warn deprecated @otplib/preset-default@12.0.1: Please upgrade to v13 of otplib. Refer to otplib docs for migration paths
754 http fetch GET 200 https://registry.npmjs.org/agent-base/-/agent-base-6.0.2.tgz 114ms (cache miss)
755 http fetch GET 200 https://registry.npmjs.org/follow-redirects/-/follow-redirects-1.16.0.tgz 142ms (cache miss)
756 http fetch GET 200 https://registry.npmjs.org/otplib/-/otplib-12.0.1.tgz 143ms (cache miss)
757 http fetch POST 200 https://registry.npmjs.org/-/npm/v1/security/advisories/bulk 241ms
758 silly audit report {}
759 http fetch GET 200 https://registry.npmjs.org/random-bytes/-/random-bytes-1.0.0.tgz 174ms (cache miss)
760 http fetch GET 200 https://registry.npmjs.org/has-tostringtag/-/has-tostringtag-1.0.2.tgz 200ms (cache miss)
761 http fetch GET 200 https://registry.npmjs.org/es-set-tostringtag/-/es-set-tostringtag-2.1.0.tgz 214ms (cache miss)
762 http fetch GET 200 https://registry.npmjs.org/delayed-stream/-/delayed-stream-1.0.0.tgz 217ms (cache miss)
763 http fetch GET 200 https://registry.npmjs.org/https-proxy-agent/-/https-proxy-agent-5.0.1.tgz 220ms (cache miss)
764 http fetch GET 200 https://registry.npmjs.org/asynckit/-/asynckit-0.4.0.tgz 222ms (cache miss)
765 http fetch GET 200 https://registry.npmjs.org/media-typer/-/media-typer-1.1.1.tgz 266ms (cache miss)
766 http fetch GET 200 https://registry.npmjs.org/combined-stream/-/combined-stream-1.0.8.tgz 270ms (cache miss)
767 http fetch GET 200 https://registry.npmjs.org/@otplib/plugin-crypto/-/plugin-crypto-12.0.1.tgz 276ms (cache miss)
768 warn deprecated @otplib/plugin-crypto@12.0.1: Please upgrade to v13 of otplib. Refer to otplib docs for migration paths
769 http fetch GET 200 https://registry.npmjs.org/proxy-from-env/-/proxy-from-env-2.1.0.tgz 276ms (cache miss)
770 http fetch GET 200 https://registry.npmjs.org/form-data/-/form-data-4.0.6.tgz 278ms (cache miss)
771 http fetch GET 200 https://registry.npmjs.org/hasown/-/hasown-2.0.4.tgz 287ms (cache miss)
772 http fetch GET 200 https://registry.npmjs.org/@otplib/preset-v11/-/preset-v11-12.0.1.tgz 297ms (cache miss)
773 http fetch GET 200 https://registry.npmjs.org/dunder-proto/-/dunder-proto-1.0.1.tgz 293ms (cache miss)
774 http fetch GET 200 https://registry.npmjs.org/gopd/-/gopd-1.2.0.tgz 293ms (cache miss)
775 http fetch GET 200 https://registry.npmjs.org/@otplib/plugin-thirty-two/-/plugin-thirty-two-12.0.1.tgz 305ms (cache miss)
776 warn deprecated @otplib/plugin-thirty-two@12.0.1: Please upgrade to v13 of otplib. Refer to otplib docs for migration paths
777 http fetch GET 200 https://registry.npmjs.org/has-symbols/-/has-symbols-1.1.0.tgz 298ms (cache miss)
778 http fetch GET 200 https://registry.npmjs.org/math-intrinsics/-/math-intrinsics-1.1.0.tgz 301ms (cache miss)
779 http fetch GET 200 https://registry.npmjs.org/es-object-atoms/-/es-object-atoms-1.1.2.tgz 310ms (cache miss)
780 http fetch GET 200 https://registry.npmjs.org/function-bind/-/function-bind-1.1.2.tgz 311ms (cache miss)
781 http fetch GET 200 https://registry.npmjs.org/call-bind-apply-helpers/-/call-bind-apply-helpers-1.0.2.tgz 316ms (cache miss)
782 http fetch GET 200 https://registry.npmjs.org/get-proto/-/get-proto-1.0.1.tgz 327ms (cache miss)
783 http fetch GET 200 https://registry.npmjs.org/call-bound/-/call-bound-1.0.4.tgz 337ms (cache miss)
784 http fetch GET 200 https://registry.npmjs.org/side-channel-list/-/side-channel-list-1.0.1.tgz 336ms (cache miss)
785 http fetch GET 200 https://registry.npmjs.org/get-intrinsic/-/get-intrinsic-1.3.0.tgz 340ms (cache miss)
786 http fetch GET 200 https://registry.npmjs.org/path-to-regexp/-/path-to-regexp-8.4.2.tgz 339ms (cache miss)
787 http fetch GET 200 https://registry.npmjs.org/is-promise/-/is-promise-4.0.0.tgz 338ms (cache miss)
788 http fetch GET 200 https://registry.npmjs.org/side-channel-map/-/side-channel-map-1.0.1.tgz 341ms (cache miss)
789 http fetch GET 200 https://registry.npmjs.org/side-channel-weakmap/-/side-channel-weakmap-1.0.2.tgz 342ms (cache miss)
790 http fetch GET 200 https://registry.npmjs.org/es-errors/-/es-errors-1.3.0.tgz 343ms (cache miss)
791 http fetch GET 200 https://registry.npmjs.org/unpipe/-/unpipe-1.0.0.tgz 346ms (cache miss)
792 http fetch GET 200 https://registry.npmjs.org/forwarded/-/forwarded-0.2.0.tgz 352ms (cache miss)
793 http fetch GET 200 https://registry.npmjs.org/wrappy/-/wrappy-1.0.2.tgz 359ms (cache miss)
794 http fetch GET 200 https://registry.npmjs.org/@otplib/core/-/core-12.0.1.tgz 372ms (cache miss)
795 http fetch GET 200 https://registry.npmjs.org/toidentifier/-/toidentifier-1.0.1.tgz 380ms (cache miss)
796 http fetch GET 200 https://registry.npmjs.org/es-define-property/-/es-define-property-1.0.1.tgz 389ms (cache miss)
797 http fetch GET 200 https://registry.npmjs.org/safer-buffer/-/safer-buffer-2.1.2.tgz 389ms (cache miss)
798 http fetch GET 200 https://registry.npmjs.org/ms/-/ms-2.1.3.tgz 391ms (cache miss)
799 http fetch GET 200 https://registry.npmjs.org/on-headers/-/on-headers-1.1.0.tgz 391ms (cache miss)
800 http fetch GET 200 https://registry.npmjs.org/ee-first/-/ee-first-1.1.1.tgz 394ms (cache miss)
801 http fetch GET 200 https://registry.npmjs.org/uid-safe/-/uid-safe-2.1.5.tgz 393ms (cache miss)
802 http fetch GET 200 https://registry.npmjs.org/setprototypeof/-/setprototypeof-1.2.0.tgz 394ms (cache miss)
803 http fetch GET 200 https://registry.npmjs.org/raw-body/-/raw-body-3.0.2.tgz 392ms (cache miss)
804 http fetch GET 200 https://registry.npmjs.org/side-channel/-/side-channel-1.1.1.tgz 398ms (cache miss)
805 http fetch GET 200 https://registry.npmjs.org/object-inspect/-/object-inspect-1.13.4.tgz 401ms (cache miss)
806 http fetch GET 200 https://registry.npmjs.org/mime-db/-/mime-db-1.54.0.tgz 398ms (cache miss)
807 http fetch GET 200 https://registry.npmjs.org/ipaddr.js/-/ipaddr.js-1.9.1.tgz 397ms (cache miss)
808 http fetch GET 200 https://registry.npmjs.org/bytes/-/bytes-3.1.2.tgz 395ms (cache miss)
809 http fetch GET 200 https://registry.npmjs.org/negotiator/-/negotiator-1.1.0.tgz 395ms (cache miss)
810 http fetch GET 200 https://registry.npmjs.org/inherits/-/inherits-2.0.4.tgz 409ms (cache miss)
811 http fetch GET 200 https://registry.npmjs.org/serve-static/-/serve-static-2.2.1.tgz 427ms (cache miss)
812 http fetch GET 200 https://registry.npmjs.org/vary/-/vary-1.1.2.tgz 429ms (cache miss)
813 http fetch GET 200 https://registry.npmjs.org/parseurl/-/parseurl-1.3.3.tgz 430ms (cache miss)
814 http fetch GET 200 https://registry.npmjs.org/type-is/-/type-is-2.1.0.tgz 444ms (cache miss)
815 http fetch GET 200 https://registry.npmjs.org/statuses/-/statuses-2.0.2.tgz 444ms (cache miss)
816 http fetch GET 200 https://registry.npmjs.org/range-parser/-/range-parser-1.3.0.tgz 443ms (cache miss)
817 http fetch GET 200 https://registry.npmjs.org/mime-types/-/mime-types-3.0.2.tgz 444ms (cache miss)
818 http fetch GET 200 https://registry.npmjs.org/on-finished/-/on-finished-2.4.1.tgz 444ms (cache miss)
819 http fetch GET 200 https://registry.npmjs.org/once/-/once-1.4.0.tgz 446ms (cache miss)
820 http fetch GET 200 https://registry.npmjs.org/send/-/send-1.2.1.tgz 448ms (cache miss)
821 http fetch GET 200 https://registry.npmjs.org/merge-descriptors/-/merge-descriptors-2.0.0.tgz 450ms (cache miss)
822 http fetch GET 200 https://registry.npmjs.org/http-errors/-/http-errors-2.0.1.tgz 452ms (cache miss)
823 http fetch GET 200 https://registry.npmjs.org/etag/-/etag-1.8.1.tgz 458ms (cache miss)
824 http fetch GET 200 https://registry.npmjs.org/router/-/router-2.2.0.tgz 468ms (cache miss)
825 http fetch GET 200 https://registry.npmjs.org/finalhandler/-/finalhandler-2.1.1.tgz 469ms (cache miss)
826 http fetch GET 200 https://registry.npmjs.org/fresh/-/fresh-2.0.0.tgz 470ms (cache miss)
827 http fetch GET 200 https://registry.npmjs.org/escape-html/-/escape-html-1.0.3.tgz 470ms (cache miss)
828 http fetch GET 200 https://registry.npmjs.org/depd/-/depd-2.0.0.tgz 470ms (cache miss)
829 http fetch GET 200 https://registry.npmjs.org/encodeurl/-/encodeurl-2.0.0.tgz 472ms (cache miss)
830 http fetch GET 200 https://registry.npmjs.org/cookie/-/cookie-0.7.2.tgz 472ms (cache miss)
831 http fetch GET 200 https://registry.npmjs.org/proxy-addr/-/proxy-addr-2.0.8.tgz 475ms (cache miss)
832 http fetch GET 200 https://registry.npmjs.org/content-type/-/content-type-1.0.5.tgz 472ms (cache miss)
833 http fetch GET 200 https://registry.npmjs.org/cookie-signature/-/cookie-signature-1.2.2.tgz 473ms (cache miss)
834 http fetch GET 200 https://registry.npmjs.org/safe-buffer/-/safe-buffer-5.2.1.tgz 477ms (cache miss)
835 http fetch GET 200 https://registry.npmjs.org/debug/-/debug-4.4.3.tgz 475ms (cache miss)
836 http fetch GET 200 https://registry.npmjs.org/content-disposition/-/content-disposition-1.1.0.tgz 475ms (cache miss)
837 http fetch GET 200 https://registry.npmjs.org/body-parser/-/body-parser-2.3.0.tgz 476ms (cache miss)
838 http fetch GET 200 https://registry.npmjs.org/accepts/-/accepts-2.0.0.tgz 475ms (cache miss)
839 http fetch GET 200 https://registry.npmjs.org/iconv-lite/-/iconv-lite-0.7.3.tgz 488ms (cache miss)
840 http fetch GET 200 https://registry.npmjs.org/qs/-/qs-6.16.0.tgz 496ms (cache miss)
841 http fetch GET 200 https://registry.npmjs.org/content-type/-/content-type-2.1.0.tgz 497ms (cache miss)
842 http fetch GET 200 https://registry.npmjs.org/mime-types/-/mime-types-2.1.35.tgz 498ms (cache miss)
843 http fetch GET 200 https://registry.npmjs.org/ms/-/ms-2.0.0.tgz 499ms (cache miss)
844 http fetch GET 200 https://registry.npmjs.org/content-type/-/content-type-2.1.0.tgz 500ms (cache miss)
845 http fetch GET 200 https://registry.npmjs.org/express-session/-/express-session-1.19.0.tgz 504ms (cache miss)
846 http fetch GET 200 https://registry.npmjs.org/content-type/-/content-type-2.1.0.tgz 502ms (cache miss)
847 http fetch GET 200 https://registry.npmjs.org/cookie-signature/-/cookie-signature-1.0.7.tgz 502ms (cache miss)
848 http fetch GET 200 https://registry.npmjs.org/express/-/express-5.2.1.tgz 506ms (cache miss)
849 http fetch GET 200 https://registry.npmjs.org/mime-db/-/mime-db-1.52.0.tgz 508ms (cache miss)
850 http fetch GET 200 https://registry.npmjs.org/debug/-/debug-2.6.9.tgz 507ms (cache miss)
851 http fetch GET 200 https://registry.npmjs.org/axios/-/axios-1.20.0.tgz 549ms (cache miss)
852 http fetch GET 200 https://registry.npmjs.org/webuntis/-/webuntis-2.2.1.tgz 543ms (cache miss)
853 http fetch GET 200 https://registry.npmjs.org/date-fns/-/date-fns-3.6.0.tgz 1931ms (cache miss)
854 silly ADD node_modules/thirty-two
855 silly ADD node_modules/@otplib/plugin-thirty-two
856 silly ADD node_modules/@otplib/plugin-crypto
857 silly ADD node_modules/@otplib/preset-v11
858 silly ADD node_modules/@otplib/preset-default
859 silly ADD node_modules/@otplib/core
860 silly ADD node_modules/agent-base
861 silly ADD node_modules/has-tostringtag
862 silly ADD node_modules/delayed-stream
863 silly ADD node_modules/es-set-tostringtag
864 silly ADD node_modules/combined-stream
865 silly ADD node_modules/asynckit
866 silly ADD node_modules/proxy-from-env
867 silly ADD node_modules/https-proxy-agent
868 silly ADD node_modules/form-data
869 silly ADD node_modules/form-data/node_modules/mime-db
870 silly ADD node_modules/form-data/node_modules/mime-types
871 silly ADD node_modules/follow-redirects
872 silly ADD node_modules/otplib
873 silly ADD node_modules/date-fns
874 silly ADD node_modules/axios
875 silly ADD node_modules/random-bytes
876 silly ADD node_modules/media-typer
877 silly ADD node_modules/dunder-proto
878 silly ADD node_modules/math-intrinsics
879 silly ADD node_modules/hasown
880 silly ADD node_modules/has-symbols
881 silly ADD node_modules/gopd
882 silly ADD node_modules/get-proto
883 silly ADD node_modules/es-object-atoms
884 silly ADD node_modules/function-bind
885 silly ADD node_modules/call-bind-apply-helpers
886 silly ADD node_modules/get-intrinsic
887 silly ADD node_modules/call-bound
888 silly ADD node_modules/side-channel-weakmap
889 silly ADD node_modules/side-channel-map
890 silly ADD node_modules/side-channel-list
891 silly ADD node_modules/object-inspect
892 silly ADD node_modules/es-errors
893 silly ADD node_modules/path-to-regexp
894 silly ADD node_modules/is-promise
895 silly ADD node_modules/unpipe
896 silly ADD node_modules/side-channel
897 silly ADD node_modules/es-define-property
898 silly ADD node_modules/ipaddr.js
899 silly ADD node_modules/forwarded
900 silly ADD node_modules/wrappy
901 silly ADD node_modules/ee-first
902 silly ADD node_modules/mime-db
903 silly ADD node_modules/safer-buffer
904 silly ADD node_modules/toidentifier
905 silly ADD node_modules/setprototypeof
906 silly ADD node_modules/inherits
907 silly ADD node_modules/uid-safe
908 silly ADD node_modules/safe-buffer
909 silly ADD node_modules/on-headers
910 silly ADD node_modules/ms
911 silly ADD node_modules/raw-body
912 silly ADD node_modules/iconv-lite
913 silly ADD node_modules/bytes
914 silly ADD node_modules/negotiator
915 silly ADD node_modules/negotiator/node_modules/content-type
916 silly ADD node_modules/vary
917 silly ADD node_modules/type-is
918 silly ADD node_modules/type-is/node_modules/content-type
919 silly ADD node_modules/statuses
920 silly ADD node_modules/serve-static
921 silly ADD node_modules/send
922 silly ADD node_modules/router
923 silly ADD node_modules/range-parser
924 silly ADD node_modules/qs
925 silly ADD node_modules/proxy-addr
926 silly ADD node_modules/parseurl
927 silly ADD node_modules/once
928 silly ADD node_modules/on-finished
929 silly ADD node_modules/mime-types
930 silly ADD node_modules/merge-descriptors
931 silly ADD node_modules/http-errors
932 silly ADD node_modules/fresh
933 silly ADD node_modules/finalhandler
934 silly ADD node_modules/etag
935 silly ADD node_modules/escape-html
936 silly ADD node_modules/encodeurl
937 silly ADD node_modules/depd
938 silly ADD node_modules/debug
939 silly ADD node_modules/cookie-signature
940 silly ADD node_modules/cookie
941 silly ADD node_modules/content-type
942 silly ADD node_modules/content-disposition
943 silly ADD node_modules/body-parser
944 silly ADD node_modules/body-parser/node_modules/content-type
945 silly ADD node_modules/accepts
946 silly ADD node_modules/webuntis
947 silly ADD node_modules/express-session
948 silly ADD node_modules/express-session/node_modules/ms
949 silly ADD node_modules/express-session/node_modules/debug
950 silly ADD node_modules/express-session/node_modules/cookie-signature
951 silly ADD node_modules/express
952 verbose cwd /data/data/com.termux/files/home
953 verbose os Linux 6.6.98-android15-8-pe17667d-abogkiS936BXXU9CZDP-4k
954 verbose node v26.4.0
955 verbose npm  v11.20.0
956 verbose exit 0
957 info ok
